// Jest Snapshot v1, https://goo.gl/fbAQLP

exports[`get back proper card when returned  1`] = `
<div
  className="Card"
>
  <button
    type="button"
  >
    delete
  </button>
  <h3>
    3 of Spades
  </h3>
  <p>
    correct content
  </p>
</div>
`;
